<testsuites id="" name="" tests="12" failures="1" skipped="0" errors="0" time="43.563759">
<testsuite name="example.spec.ts" timestamp="2025-03-11T12:40:51.462Z" hostname="chromium" tests="2" failures="0" skipped="0" time="4.532" errors="0">
<testcase name="has title" classname="example.spec.ts" time="1.859">
</testcase>
<testcase name="get started link" classname="example.spec.ts" time="2.673">
</testcase>
</testsuite>
<testsuite name="inventory.spec.ts" timestamp="2025-03-11T12:40:51.462Z" hostname="chromium" tests="1" failures="0" skipped="0" time="2.7" errors="0">
<testcase name="Add product to cart" classname="inventory.spec.ts" time="2.7">
</testcase>
</testsuite>
<testsuite name="login.spec.ts" timestamp="2025-03-11T12:40:51.462Z" hostname="chromium" tests="1" failures="0" skipped="0" time="1.885" errors="0">
<testcase name="Login to SauceDemo using POM" classname="login.spec.ts" time="1.885">
</testcase>
</testsuite>
<testsuite name="example.spec.ts" timestamp="2025-03-11T12:40:51.462Z" hostname="firefox" tests="2" failures="0" skipped="0" time="16.536" errors="0">
<testcase name="has title" classname="example.spec.ts" time="8.045">
</testcase>
<testcase name="get started link" classname="example.spec.ts" time="8.491">
</testcase>
</testsuite>
<testsuite name="inventory.spec.ts" timestamp="2025-03-11T12:40:51.462Z" hostname="firefox" tests="1" failures="0" skipped="0" time="4.247" errors="0">
<testcase name="Add product to cart" classname="inventory.spec.ts" time="4.247">
</testcase>
</testsuite>
<testsuite name="login.spec.ts" timestamp="2025-03-11T12:40:51.462Z" hostname="firefox" tests="1" failures="0" skipped="0" time="3.715" errors="0">
<testcase name="Login to SauceDemo using POM" classname="login.spec.ts" time="3.715">
</testcase>
</testsuite>
<testsuite name="example.spec.ts" timestamp="2025-03-11T12:40:51.462Z" hostname="webkit" tests="2" failures="1" skipped="0" time="6.392" errors="0">
<testcase name="has title" classname="example.spec.ts" time="2.571">
</testcase>
<testcase name="get started link" classname="example.spec.ts" time="3.821">
<failure message="example.spec.ts:10:5 get started link" type="FAILURE">
<![CDATA[  [webkit] › example.spec.ts:10:5 › get started link ───────────────────────────────────────────────

    Error: expect(locator).toBeVisible()

    Locator: getByRole('heading', { name: 'Installation' })
    Expected: visible
    Received: <element(s) not found>
    Call log:
      - expect.toBeVisible with timeout 5000ms
      - waiting for getByRole('heading', { name: 'Installation' })


      15 |
      16 |   // Expects page to have a heading with the name of Installation.
    > 17 |   await expect(page.getByRole('heading', { name: 'Installation' })).toBeVisible();
         |                                                                     ^
      18 | });
      19 |
        at C:\Users\Arnaud\Documents\Log\projet-Playwright\tests\example.spec.ts:17:69

    Error: browserContext._wrapApiCall: Target page, context or browser has been closed
]]>
</failure>
</testcase>
</testsuite>
<testsuite name="inventory.spec.ts" timestamp="2025-03-11T12:40:51.462Z" hostname="webkit" tests="1" failures="0" skipped="0" time="2.625" errors="0">
<testcase name="Add product to cart" classname="inventory.spec.ts" time="2.625">
</testcase>
</testsuite>
<testsuite name="login.spec.ts" timestamp="2025-03-11T12:40:51.462Z" hostname="webkit" tests="1" failures="0" skipped="0" time="2.134" errors="0">
<testcase name="Login to SauceDemo using POM" classname="login.spec.ts" time="2.134">
</testcase>
</testsuite>
</testsuites>